// Jest Snapshot v1, https://goo.gl/fbAQLP

exports[`merge module merge empty invocation 1`] = `"Target is not a plain object. Can't merge into a not plain object like structure!"`;
